/home/joao/Documents/trybe/java/java-001-projeto-localizador-de-museus/src/test/java/com/betrybe/museumfinder/solution/CollectionControllerTest.java
/home/joao/Documents/trybe/java/java-001-projeto-localizador-de-museus/src/test/java/com/betrybe/museumfinder/evaluation/utils/TestHelpers.java
/home/joao/Documents/trybe/java/java-001-projeto-localizador-de-museus/src/test/java/com/betrybe/museumfinder/solution/CollectionServiceTest.java
/home/joao/Documents/trybe/java/java-001-projeto-localizador-de-museus/src/test/java/com/betrybe/museumfinder/evaluation/utils/XmlParser.java
/home/joao/Documents/trybe/java/java-001-projeto-localizador-de-museus/src/test/java/com/betrybe/museumfinder/evaluation/ControllerErrorTest.java
/home/joao/Documents/trybe/java/java-001-projeto-localizador-de-museus/src/test/java/com/betrybe/museumfinder/evaluation/utils/CodeCoverageRunner.java
/home/joao/Documents/trybe/java/java-001-projeto-localizador-de-museus/src/test/java/com/betrybe/museumfinder/evaluation/ControllerLayerTest.java
/home/joao/Documents/trybe/java/java-001-projeto-localizador-de-museus/src/test/java/com/betrybe/museumfinder/evaluation/ServiceLayerTest.java
/home/joao/Documents/trybe/java/java-001-projeto-localizador-de-museus/src/test/java/com/betrybe/museumfinder/evaluation/ModelAndDtoTest.java
/home/joao/Documents/trybe/java/java-001-projeto-localizador-de-museus/src/test/java/com/betrybe/museumfinder/evaluation/CoverageValidationTest.java
/home/joao/Documents/trybe/java/java-001-projeto-localizador-de-museus/src/test/java/com/betrybe/museumfinder/evaluation/DockerfileTest.java
/home/joao/Documents/trybe/java/java-001-projeto-localizador-de-museus/src/test/java/com/betrybe/museumfinder/evaluation/ActuatorTest.java
